[ctwebdevelopment.com/index.html]
[backblue.gif]
[fade.gif]
[index.html]
[ctwebdevelopment.com/wp-content/uploads/2017/05/favicon.png]
[ctwebdevelopment.com/wp-admin/admin-ajax.php]
[ctwebdevelopment.com/wp-includes/css/dist/block-library/style.min6c2d.css]
[ctwebdevelopment.com/wp-content/plugins/contact-form-7/includes/css/styles6a4d.css]
[ctwebdevelopment.com/wp-content/plugins/woocommerce/assets/css/woocommerce-layout523e.css]
[ctwebdevelopment.com/wp-content/plugins/woocommerce/assets/css/woocommerce-smallscreen523e.css]
[ctwebdevelopment.com/wp-content/plugins/woocommerce/assets/css/woocommerce523e.css]
[ctwebdevelopment.com/wp-content/plugins/yith-woocommerce-request-a-quote/assets/css/frontend2322.css]
[ctwebdevelopment.com/feed/index.html]
[ctwebdevelopment.com/wp-content/plugins/woocommerce/assets/css/brands523e.css]
[ctwebdevelopment.com/wp-content/themes/elitemasters-child/style6c2d.css]
[ctwebdevelopment.com/wp-content/themes/elitemasters/css/theme6c2d.css]
[ctwebdevelopment.com/wp-content/uploads/custom6c2d.css]
[ctwebdevelopment.com/comments/feed/index.html]
[ctwebdevelopment.com/wp-content/plugins/js_composer/assets/css/js_composer.minaec2.css]
[ctwebdevelopment.com/wp-content/uploads/smile_fonts/Defaults/Defaults04cd.css]
[ctwebdevelopment.com/wp-content/plugins/Ultimate_VC_Addons/assets/min-css/ultimate.min04cd.css]
[ctwebdevelopment.com/wp-content/themes/elitemasters/css/woo6c2d.css]
[ctwebdevelopment.com/home-creative-agency/feed/index.html]
[ctwebdevelopment.com/wp-includes/js/jquery/jquery.minf43b.js]
[ctwebdevelopment.com/wp-includes/js/jquery/jquery-migrate.min5589.js]
[ctwebdevelopment.com/wp-content/plugins/woocommerce/assets/js/jquery-blockui/jquery.blockUI.mina876.js]
[ctwebdevelopment.com/wp-content/plugins/woocommerce/assets/js/frontend/add-to-cart.min523e.js]
[ctwebdevelopment.com/wp-content/plugins/woocommerce/assets/js/js-cookie/js.cookie.min2d4a.js]
[ctwebdevelopment.com/wp-content/plugins/woocommerce/assets/js/frontend/woocommerce.min523e.js]
[ctwebdevelopment.com/wp-content/plugins/js_composer/assets/js/vendors/woocommerce-add-to-cartaec2.js]
[ctwebdevelopment.com/wp-includes/js/jquery/ui/core.minb37e.js]
[ctwebdevelopment.com/wp-content/plugins/Ultimate_VC_Addons/assets/min-js/ultimate.min04cd.js]
[ctwebdevelopment.com/wp-content/plugins/Ultimate_VC_Addons/assets/min-js/ultimate_bg.min04cd.js]
[ctwebdevelopment.com/wp-json/wp/v2/pages/4603.json]
[ctwebdevelopment.com/wp-json/index.html]
[ctwebdevelopment.com/wp-json/oembed/1.0/embed86a7.json]
[ctwebdevelopment.com/wp-json/oembed/1.0/embedd7dd]
[www.google-analytics.com/analytics.js]
[ctwebdevelopment.com/wp-login.html]
[ctwebdevelopment.com/wp-content/uploads/2017/07/ctwd-logo.png]
[ctwebdevelopment.com/wp-content/uploads/2017/07/googlePart_200X75.png]
[ctwebdevelopment.com/wp-content/uploads/2017/07/googleA_200X75.png]
[ctwebdevelopment.com/wp-content/uploads/2017/07/yext_200X75.png]
[ctwebdevelopment.com/wp-content/uploads/2017/07/wordPress_200X75.png]
[ctwebdevelopment.com/wp-content/uploads/2017/07/cpanel_200X75.png]
[ctwebdevelopment.com/cart/index.html]
[ctwebdevelopment.com/wp-content/uploads/2017/11/homepage-design.png]
[ctwebdevelopment.com/wp-content/uploads/2017/11/homepage-consulting.png]
[ctwebdevelopment.com/web-services/index.html]
[ctwebdevelopment.com/wp-content/uploads/2017/11/homepage-marketing.png]
[ctwebdevelopment.com/wp-content/uploads/2017/11/homepage-development.png]
[ctwebdevelopment.com/wp-content/uploads/2017/11/homepage-seo.png]
[ctwebdevelopment.com/wp-content/uploads/2015/08/ct-marketing-370.png]
[ctwebdevelopment.com/wp-content/uploads/2015/08/3prime_logo-370b.png]
[ctwebdevelopment.com/request-quote/index.html]
[ctwebdevelopment.com/wp-content/uploads/2015/08/spider-logo-370a.png]
[ctwebdevelopment.com/contact/index.html]
[ctwebdevelopment.com/wp-content/plugins/woocommerce/assets/client/blocks/wc-blocksde44.css]
[ctwebdevelopment.com/wp-content/plugins/js_composer/assets/lib/vc_carousel/css/vc_carousel.minaec2.css]
[ctwebdevelopment.com/terms-conditions/index.html]
[ctwebdevelopment.com/wp-includes/js/dist/hooks.min4fdd.js]
[ctwebdevelopment.com/wp-includes/js/dist/i18n.minc33c.js]
[ctwebdevelopment.com/wp-content/plugins/contact-form-7/includes/swv/js/index6a4d.js]
[ctwebdevelopment.com/privacy-policy/index.html]
[ctwebdevelopment.com/wp-content/plugins/contact-form-7/includes/js/index6a4d.js]
[ctwebdevelopment.com/wp-content/plugins/yith-woocommerce-request-a-quote/assets/js/frontend.min2322.js]
[ctwebdevelopment.com/wp-content/themes/elitemasters/js/hoverintent6c2d.js]
[ctwebdevelopment.com/wp-content/themes/elitemasters/js/theme6c2d.js]
[ctwebdevelopment.com/wp-content/plugins/woocommerce/assets/js/sourcebuster/sourcebuster.min523e.js]
[ctwebdevelopment.com/wp-content/plugins/woocommerce/assets/js/frontend/order-attribution.min523e.js]
[www.google.com/recaptcha/api1229.js]
[ctwebdevelopment.com/wp-includes/js/dist/vendor/wp-polyfill.min2c7c.js]
[ctwebdevelopment.com/wp-content/plugins/contact-form-7/modules/recaptcha/index6a4d.js]
[ctwebdevelopment.com/wp-content/themes/elitemasters/js/woo6c2d.js]
[ctwebdevelopment.com/wp-content/plugins/js_composer/assets/js/dist/js_composer_front.minaec2.js]
[ctwebdevelopment.com/wp-content/plugins/js_composer/assets/lib/vc_carousel/js/transition.minaec2.js]
[ctwebdevelopment.com/index.html]
[ctwebdevelopment.com/xmlrpc.html]
[ctwebdevelopment.com/wp-admin/admin-ajax.html]
[ctwebdevelopment.com/wp-includes/css/dist/block-library/style.min6c2d.css]
[ctwebdevelopment.com/wp-content/plugins/contact-form-7/includes/css/styles6a4d.css]
[ctwebdevelopment.com/wp-content/plugins/woocommerce/assets/css/woocommerce-layout523e.css]
[ctwebdevelopment.com/wp-content/plugins/woocommerce/assets/css/woocommerce-smallscreen523e.css]
[ctwebdevelopment.com/wp-content/plugins/js_composer/assets/lib/vc_carousel/js/vc_carousel.minaec2.js]
[ctwebdevelopment.com/wp-content/plugins/woocommerce/assets/fonts/WooCommerce.woff2]
[ctwebdevelopment.com/wp-content/plugins/woocommerce/assets/fonts/WooCommerce.woff]
[ctwebdevelopment.com/wp-content/plugins/woocommerce/assets/fonts/WooCommerce.ttf]
[ctwebdevelopment.com/wp-content/plugins/woocommerce/assets/css/woocommerce523e.css]
[ctwebdevelopment.com/wp-content/plugins/yith-woocommerce-request-a-quote/assets/css/frontend2322.css]
[ctwebdevelopment.com/wp-content/plugins/woocommerce/assets/css/brands523e.css]
[ctwebdevelopment.com/wp-content/uploads/2015/08/ct-website-development-home.jpg]
[ctwebdevelopment.com/wp-content/uploads/2017/11/ct-website-development-mobile-bg.jpg]
[ctwebdevelopment.com/wp-content/themes/elitemasters-child/style6c2d.css]
[ctwebdevelopment.com/wp-content/themes/elitemasters/css/bs_grid.css]
[ctwebdevelopment.com/wp-content/themes/elitemasters/css/font-awesome.min.css]
[ctwebdevelopment.com/wp-content/themes/elitemasters/img/sprite.png]
[ctwebdevelopment.com/wp-content/themes/elitemasters/img/retina/sprite.png]
[ctwebdevelopment.com/wp-content/themes/elitemasters/css/theme6c2d.css]
[ctwebdevelopment.com/wp-content/uploads/custom6c2d.css]
[ctwebdevelopment.com/wp-content/plugins/js_composer/assets/vc/alert.png]
[ctwebdevelopment.com/wp-content/plugins/js_composer/assets/vc/info.png]
[ctwebdevelopment.com/wp-content/plugins/js_composer/assets/vc/tick.png]
[ctwebdevelopment.com/wp-content/plugins/js_composer/assets/vc/exclamation.png]
[ctwebdevelopment.com/wp-content/plugins/js_composer/assets/images/icons/address-book.png]
[ctwebdevelopment.com/wp-content/plugins/js_composer/assets/images/icons/alarm-clock.png]
[ctwebdevelopment.com/wp-content/plugins/js_composer/assets/images/icons/anchor.png]
[ctwebdevelopment.com/wp-content/plugins/js_composer/assets/images/icons/application-image.png]
[ctwebdevelopment.com/wp-content/plugins/js_composer/assets/images/icons/arrow.png]
[ctwebdevelopment.com/wp-content/plugins/js_composer/assets/images/icons/asterisk.png]
[ctwebdevelopment.com/wp-content/plugins/js_composer/assets/images/icons/auction-hammer.png]
[ctwebdevelopment.com/wp-content/plugins/js_composer/assets/images/icons/balloon.png]
[ctwebdevelopment.com/wp-content/plugins/js_composer/assets/images/icons/balloon-buzz.png]
[ctwebdevelopment.com/wp-content/plugins/js_composer/assets/images/icons/balloon-facebook.png]
[ctwebdevelopment.com/wp-content/plugins/js_composer/assets/images/icons/balloon-twitter.png]
[ctwebdevelopment.com/wp-content/plugins/js_composer/assets/images/icons/battery-full.png]
[ctwebdevelopment.com/wp-content/plugins/js_composer/assets/images/icons/binocular.png]
[ctwebdevelopment.com/wp-content/plugins/js_composer/assets/images/icons/blue-document-excel.png]
[ctwebdevelopment.com/wp-content/plugins/js_composer/assets/images/icons/blue-document-image.png]
[ctwebdevelopment.com/wp-content/plugins/js_composer/assets/images/icons/blue-document-music.png]
[ctwebdevelopment.com/wp-content/plugins/js_composer/assets/images/icons/blue-document-office.png]
[ctwebdevelopment.com/wp-content/plugins/js_composer/assets/images/icons/blue-document-pdf.png]
[ctwebdevelopment.com/wp-content/plugins/js_composer/assets/images/icons/blue-document-powerpoint.png]
[ctwebdevelopment.com/wp-content/plugins/js_composer/assets/images/icons/blue-document-word.png]
[ctwebdevelopment.com/wp-content/plugins/js_composer/assets/images/icons/bookmark.png]
[ctwebdevelopment.com/wp-content/plugins/js_composer/assets/images/icons/camcorder.png]
[ctwebdevelopment.com/wp-content/plugins/js_composer/assets/images/icons/camera.png]
[ctwebdevelopment.com/wp-content/plugins/js_composer/assets/images/icons/chart.png]
[ctwebdevelopment.com/wp-content/plugins/js_composer/assets/images/icons/chart-pie.png]
[ctwebdevelopment.com/wp-content/plugins/js_composer/assets/images/icons/clock.png]
[ctwebdevelopment.com/wp-content/plugins/js_composer/assets/images/icons/control.png]
[ctwebdevelopment.com/wp-content/plugins/js_composer/assets/images/icons/fire.png]
[ctwebdevelopment.com/wp-content/plugins/js_composer/assets/images/icons/heart.png]
[ctwebdevelopment.com/wp-content/plugins/js_composer/assets/images/icons/mail.png]
[ctwebdevelopment.com/wp-content/plugins/js_composer/assets/images/icons/plus-shield.png]
[ctwebdevelopment.com/wp-content/plugins/js_composer/assets/images/icons/video.png]
[ctwebdevelopment.com/wp-content/plugins/js_composer/assets/fonts/vc_icons_v2/fonts/vcpb-plugin-iconsb82a.eot]
[ctwebdevelopment.com/wp-content/plugins/js_composer/assets/fonts/vc_icons_v2/fonts/vcpb-plugin-iconsb82a.ttf]
[ctwebdevelopment.com/wp-content/plugins/js_composer/assets/fonts/vc_icons_v2/fonts/vcpb-plugin-iconsb82a.woff]
[ctwebdevelopment.com/wp-content/plugins/js_composer/assets/fonts/vc_icons_v2/fonts/vcpb-plugin-iconsb82a.svg]
[ctwebdevelopment.com/wp-content/plugins/js_composer/assets/images/toggle_open.png]
[ctwebdevelopment.com/wp-content/plugins/js_composer/assets/images/toggle_close.png]
[ctwebdevelopment.com/wp-content/plugins/js_composer/assets/images/flickr.png]
[ctwebdevelopment.com/wp-content/plugins/js_composer/assets/fonts/vc_grid/vc_grid_v157a1.eot]
[ctwebdevelopment.com/wp-content/plugins/js_composer/assets/fonts/vc_grid/vc_grid_v1d41d.eot]
[ctwebdevelopment.com/wp-content/plugins/js_composer/assets/fonts/vc_grid/vc_grid_v157a1.woff]
[ctwebdevelopment.com/wp-content/plugins/js_composer/assets/fonts/vc_grid/vc_grid_v157a1.ttf]
[ctwebdevelopment.com/wp-content/plugins/js_composer/assets/fonts/vc_grid/vc_grid_v157a1.svg]
[ctwebdevelopment.com/wp-content/plugins/js_composer/assets/images/spinner.gif]
[ctwebdevelopment.com/wp-content/plugins/js_composer/assets/vc/remove.png]
[ctwebdevelopment.com/wp-content/plugins/js_composer/assets/css/js_composer.minaec2.css]
[ctwebdevelopment.com/wp-content/uploads/smile_fonts/Defaults/Defaults21ea.eot]
[ctwebdevelopment.com/wp-content/uploads/smile_fonts/Defaults/Defaultsd41d.eot]
[ctwebdevelopment.com/wp-content/uploads/smile_fonts/Defaults/Defaults21ea.woff]
[ctwebdevelopment.com/wp-content/uploads/smile_fonts/Defaults/Defaults21ea.ttf]
[ctwebdevelopment.com/wp-content/uploads/smile_fonts/Defaults/Defaults04cd.css]
[ctwebdevelopment.com/wp-content/uploads/smile_fonts/Defaults/Defaults21ea.svg]
[ctwebdevelopment.com/wp-content/plugins/Ultimate_VC_Addons/assets/min-css/fonts/ult-silk.eot]
[ctwebdevelopment.com/wp-content/plugins/Ultimate_VC_Addons/assets/min-css/fonts/ult-silk.woff]
[ctwebdevelopment.com/wp-content/plugins/Ultimate_VC_Addons/assets/min-css/fonts/ult-silk.ttf]
[ctwebdevelopment.com/wp-content/plugins/Ultimate_VC_Addons/assets/min-css/fonts/ult-silk.svg]
[ctwebdevelopment.com/wp-content/plugins/Ultimate_VC_Addons/assets/img/cross.png]
[ctwebdevelopment.com/wp-content/plugins/Ultimate_VC_Addons/assets/min-css/ajax-loader.gif]
[ctwebdevelopment.com/wp-content/plugins/Ultimate_VC_Addons/assets/min-css/fonts/slick.eot]
[ctwebdevelopment.com/wp-content/plugins/Ultimate_VC_Addons/assets/min-css/fonts/slickd41d.eot]
[ctwebdevelopment.com/wp-content/plugins/Ultimate_VC_Addons/assets/min-css/fonts/slick.woff]
[ctwebdevelopment.com/wp-content/plugins/Ultimate_VC_Addons/assets/min-css/fonts/slick.ttf]
[ctwebdevelopment.com/wp-content/plugins/Ultimate_VC_Addons/assets/min-css/fonts/slick.svg]
[ctwebdevelopment.com/wp-content/plugins/Ultimate_VC_Addons/assets/images/fabric.png]
[ctwebdevelopment.com/wp-content/plugins/Ultimate_VC_Addons/assets/images/cover.jpg]
[ctwebdevelopment.com/wp-content/plugins/Ultimate_VC_Addons/assets/img/ov-plus.png]
[ctwebdevelopment.com/wp-content/plugins/Ultimate_VC_Addons/assets/min-css/ultimate.min04cd.css]
[ctwebdevelopment.com/wp-content/themes/elitemasters/img/woo_shop/woo_star.png]
[ctwebdevelopment.com/wp-content/themes/elitemasters/img/woo_shop/woo_star_gr.png]
[ctwebdevelopment.com/wp-content/themes/elitemasters/img/woo_shop/filter_bg.png]
[ctwebdevelopment.com/wp-content/themes/elitemasters/img/woo_shop/retina/woo_star.png]
[ctwebdevelopment.com/wp-content/themes/elitemasters/css/woo6c2d.css]
[ctwebdevelopment.com/xmlrpc0db0.html]
[ctwebdevelopment.com/wp-includes/css/dashicons.min6c2d.css]
[ctwebdevelopment.com/wp-includes/css/buttons.min6c2d.css]
[ctwebdevelopment.com/wp-admin/css/forms.min6c2d.css]
[ctwebdevelopment.com/wp-admin/css/l10n.min6c2d.css]
[ctwebdevelopment.com/wp-admin/css/login.min6c2d.css]
[ctwebdevelopment.com/wp-loginc2b6.html]
[ctwebdevelopment.com/wp-includes/js/clipboard.min3c89.js]
[ctwebdevelopment.com/wp-includes/js/zxcvbn-async.min5152.js]
[ctwebdevelopment.com/wp-admin/js/password-strength-meter.min6c2d.js]
[ctwebdevelopment.com/wp-includes/js/underscore.min3ab8.js]
[ctwebdevelopment.com/wp-includes/js/wp-util.min6c2d.js]
[ctwebdevelopment.com/wp-includes/js/dist/dom-ready.min5346.js]
[ctwebdevelopment.com/wp-includes/js/dist/a11y.min3f73.js]
[ctwebdevelopment.com/wp-admin/js/user-profile.min6c2d.js]
[ctwebdevelopment.com/wp-login.html]
[ctwebdevelopment.com/wp-content/plugins/woocommerce/assets/css/select2523e.css]
[ctwebdevelopment.com/cart/feed/index.html]
[ctwebdevelopment.com/wp-content/plugins/woocommerce/assets/js/frontend/country-select.min523e.js]
[ctwebdevelopment.com/wp-content/plugins/woocommerce/assets/js/frontend/address-i18n.min523e.js]
[ctwebdevelopment.com/wp-content/plugins/woocommerce/assets/js/frontend/cart.min523e.js]
[ctwebdevelopment.com/wp-content/plugins/woocommerce/assets/js/selectWoo/selectWoo.full.min1ec6.js]
[ctwebdevelopment.com/wp-content/plugins/woocommerce/assets/js/frontend/password-strength-meter.min523e.js]
[ctwebdevelopment.com/wp-json/wp/v2/pages/4697.json]
[ctwebdevelopment.com/wp-json/oembed/1.0/embed0af6.json]
[ctwebdevelopment.com/cart/index.html]
[ctwebdevelopment.com/wp-json/oembed/1.0/embeda6e4]
[ctwebdevelopment.com/wp-content/uploads/2017/11/website-build-270x280.png]
[ctwebdevelopment.com/web-services/feed/index.html]
[ctwebdevelopment.com/wp-content/uploads/2017/11/image-editing-270x280.png]
[ctwebdevelopment.com/web-services/1-5-page-wordpress-website-build/index.html]
[ctwebdevelopment.com/wp-content/uploads/2017/11/website-update-270x280.png]
[ctwebdevelopment.com/wp-content/uploads/2017/11/asset-consulting-270x280.png]
[ctwebdevelopment.com/wp-content/uploads/2017/11/analytics-conversion-270x280.png]
[ctwebdevelopment.com/category/copywritingcontent-creation/index.html]
[ctwebdevelopment.com/wp-content/uploads/2017/11/google-my-business-270x280.png]
[ctwebdevelopment.com/wp-content/uploads/2017/11/seo-technical-270x280.png]
[ctwebdevelopment.com/wp-content/uploads/2017/11/website-speed-270x280.png]
[ctwebdevelopment.com/web-services/index.html]
[ctwebdevelopment.com/wp-content/uploads/2017/11/site-security-270x280.png]
[ctwebdevelopment.com/category/graphic-design/index.html]
[ctwebdevelopment.com/category/seo/index.html]
[ctwebdevelopment.com/category/web-design/index.html]
[ctwebdevelopment.com/wp-json/wp/v2/pages/7954.json]
[ctwebdevelopment.com/category/web-development/index.html]
[ctwebdevelopment.com/wp-json/oembed/1.0/embed64d0.json]
[ctwebdevelopment.com/web-services/2-hours-of-image-editing/index.html]
[ctwebdevelopment.com/web-services/index2101.html]
[ctwebdevelopment.com/wp-json/oembed/1.0/embed8d6b]
[ctwebdevelopment.com/request-quote/index.html]
[ctwebdevelopment.com/category/image-editing/index.html]
[ctwebdevelopment.com/web-services/3-hours-of-website-updates/index.html]
[ctwebdevelopment.com/web-services/indexebcc.html]
[ctwebdevelopment.com/category/brandidentity-development/index.html]
[ctwebdevelopment.com/web-services/index11cf.html]
[ctwebdevelopment.com/wp-json/wp/v2/pages/3837.json]
[ctwebdevelopment.com/web-services/domain-consolidation-asset-consulting/index.html]
[ctwebdevelopment.com/category/dns/index.html]
[ctwebdevelopment.com/wp-json/oembed/1.0/embed307f.json]
[ctwebdevelopment.com/category/domains/index.html]
[ctwebdevelopment.com/web-services/index5796.html]
[ctwebdevelopment.com/wp-json/oembed/1.0/embed7bb3]
[ctwebdevelopment.com/contact/index.html]
[ctwebdevelopment.com/category/conversions/index.html]
[ctwebdevelopment.com/category/google-analytics/index.html]
[ctwebdevelopment.com/web-services/google-analytics-event-conversion-tracking/index.html]
[ctwebdevelopment.com/web-services/index8f61.html]
[ctwebdevelopment.com/web-services/seo-technical-audit/index.html]
[ctwebdevelopment.com/web-services/google-my-business-optimization/index.html]
[ctwebdevelopment.com/category/google-local/index.html]
[ctwebdevelopment.com/web-services/index71c9.html]
[ctwebdevelopment.com/web-services/index9bca.html]
[ctwebdevelopment.com/web-services/website-page-speed-improvements/index.html]
[ctwebdevelopment.com/web-services/wordpress-site-security/index.html]
[ctwebdevelopment.com/wp-json/wp/v2/pages/8071.json]
[ctwebdevelopment.com/web-services/index0bcb.html]
[ctwebdevelopment.com/category/security/index.html]
[ctwebdevelopment.com/wp-json/oembed/1.0/embed6858.json]
[ctwebdevelopment.com/web-services/index372e.html]
[ctwebdevelopment.com/wp-json/oembed/1.0/embed3556]
[ctwebdevelopment.com/terms-conditions/index.html]
[ctwebdevelopment.com/contact/feed/index.html]
[ctwebdevelopment.com/wp-json/wp/v2/pages/8073.json]
[ctwebdevelopment.com/wp-json/oembed/1.0/embedcd44.json]
[ctwebdevelopment.com/wp-json/oembed/1.0/embed4bf2]
[ctwebdevelopment.com/privacy-policy/index.html]
[ctwebdevelopment.com/wp-content/plugins/woocommerce/assets/client/blocks/wc-blocksde44.css]
[ctwebdevelopment.com/wp-content/plugins/js_composer/assets/lib/vc_carousel/css/vc_carousel.minaec2.css]
[ctwebdevelopment.com/wp-content/plugins/woocommerce/assets/images/icons/loader.svg]
[ctwebdevelopment.com/wp-content/themes/elitemasters/css/bs_grid.css]
[ctwebdevelopment.com/wp-content/themes/elitemasters/fonts/fontawesome-webfonte0a5.eot]
[ctwebdevelopment.com/wp-content/themes/elitemasters/fonts/fontawesome-webfontd41d.eot]
[ctwebdevelopment.com/wp-content/themes/elitemasters/fonts/fontawesome-webfonte0a5.woff2]
[ctwebdevelopment.com/wp-content/themes/elitemasters/fonts/fontawesome-webfonte0a5.woff]
[ctwebdevelopment.com/wp-content/themes/elitemasters/fonts/fontawesome-webfonte0a5.ttf]
[ctwebdevelopment.com/wp-content/themes/elitemasters/css/font-awesome.min.css]
[ctwebdevelopment.com/wp-content/plugins/js_composer/assets/fonts/vc_icons_v2/fonts/vcpb-plugin-iconsb82a.svg]
[ctwebdevelopment.com/wp-content/plugins/js_composer/assets/vc/blur.svg]
[ctwebdevelopment.com/wp-content/plugins/js_composer/assets/fonts/vc_grid/vc_grid_v157a1.svg]
[ctwebdevelopment.com/wp-content/uploads/smile_fonts/Defaults/Defaults21ea.svg]
[ctwebdevelopment.com/wp-content/plugins/Ultimate_VC_Addons/assets/min-css/fonts/ult-silk.svg]
[ctwebdevelopment.com/wp-content/plugins/Ultimate_VC_Addons/assets/min-css/fonts/slick.svg]
[ctwebdevelopment.com/wp-content/themes/elitemasters/fonts/fontawesome-webfonte0a5.svg]
[ctwebdevelopment.com/wp-includes/fonts/dashicons7d4b.eot]
[ctwebdevelopment.com/wp-includes/css/dashicons.min6c2d.css]
[ctwebdevelopment.com/wp-includes/css/buttons.min6c2d.css]
[ctwebdevelopment.com/wp-includes/fonts/dashicons7d4b.ttf]
[ctwebdevelopment.com/wp-admin/images/loading.gif]
[ctwebdevelopment.com/wp-admin/css/forms.min6c2d.css]
[ctwebdevelopment.com/wp-admin/css/l10n.min6c2d.css]
[ctwebdevelopment.com/wp-admin/images/w-logo-blue7a53.png]
[ctwebdevelopment.com/wp-admin/images/wordpress-logo7d6b.svg]
[ctwebdevelopment.com/wp-admin/css/login.min6c2d.css]
[ctwebdevelopment.com/wp-loginc2b6.html]
[ctwebdevelopment.com/wp-content/plugins/woocommerce/assets/css/select2523e.css]
[ctwebdevelopment.com/index8615.html]
[ctwebdevelopment.com/wp-content/plugins/woocommerce/assets/js/frontend/single-product.min523e.js]
[ctwebdevelopment.com/wp-json/wp/v2/product/7755.json]
[ctwebdevelopment.com/wp-json/oembed/1.0/embed98f3.json]
[ctwebdevelopment.com/wp-json/oembed/1.0/embed9315]
[ctwebdevelopment.com/wp-content/uploads/2017/11/website-build.png]
[ctwebdevelopment.com/wp-content/plugins/yith-woocommerce-request-a-quote/assets/images/wpspin_light.gif]
[ctwebdevelopment.com/web-services/1-5-page-wordpress-website-build/index.html]
[ctwebdevelopment.com/wp-json/wp/v2/product_cat/85.json]
[ctwebdevelopment.com/category/copywritingcontent-creation/index.html]
[ctwebdevelopment.com/category/copywritingcontent-creation/feed/index.html]
[ctwebdevelopment.com/web-services/1-5-page-wordpress-website-build/index71c9.html]
[ctwebdevelopment.com/web-services/1-5-page-wordpress-website-build/index372e.html]
[ctwebdevelopment.com/web-services/1-5-page-wordpress-website-build/index11cf.html]
[ctwebdevelopment.com/wp-json/wp/v2/product_cat/86.json]
[ctwebdevelopment.com/category/graphic-design/index.html]
[ctwebdevelopment.com/category/copywritingcontent-creation/index2101.html]
[ctwebdevelopment.com/category/graphic-design/feed/index.html]
[ctwebdevelopment.com/category/copywritingcontent-creation/index11cf.html]
[ctwebdevelopment.com/category/graphic-design/index2101.html]
[ctwebdevelopment.com/category/graphic-design/indexebcc.html]
[ctwebdevelopment.com/wp-json/wp/v2/product_cat/84.json]
[ctwebdevelopment.com/category/seo/index.html]
[ctwebdevelopment.com/category/graphic-design/index11cf.html]
[ctwebdevelopment.com/category/seo/feed/index.html]
[ctwebdevelopment.com/category/seo/index2101.html]
[ctwebdevelopment.com/wp-json/wp/v2/product_cat/81.json]
[ctwebdevelopment.com/category/web-design/index.html]
[ctwebdevelopment.com/category/web-design/feed/index.html]
[ctwebdevelopment.com/category/seo/index71c9.html]
[ctwebdevelopment.com/category/seo/index9bca.html]
[ctwebdevelopment.com/category/seo/index0bcb.html]
[ctwebdevelopment.com/category/web-design/index2101.html]
[ctwebdevelopment.com/wp-json/wp/v2/product_cat/82.json]
[ctwebdevelopment.com/category/web-development/index.html]
[ctwebdevelopment.com/web-services/index2101.html]
[ctwebdevelopment.com/category/web-development/feed/index.html]
[ctwebdevelopment.com/category/web-design/index372e.html]
[ctwebdevelopment.com/category/web-development/index2101.html]
[ctwebdevelopment.com/category/web-development/index0bcb.html]
[ctwebdevelopment.com/wp-json/wp/v2/product/7771.json]
[ctwebdevelopment.com/wp-json/oembed/1.0/embed6e22.json]
[ctwebdevelopment.com/checkout/index.html]
[ctwebdevelopment.com/wp-json/oembed/1.0/embed36fb]
[ctwebdevelopment.com/wp-content/uploads/2017/11/image-editing.png]
[ctwebdevelopment.com/web-services/2-hours-of-image-editing/index.html]
[ctwebdevelopment.com/wp-json/wp/v2/product_cat/94.json]
[ctwebdevelopment.com/category/image-editing/index.html]
[ctwebdevelopment.com/category/image-editing/feed/index.html]
[ctwebdevelopment.com/web-services/indexebcc.html]
[ctwebdevelopment.com/web-services/2-hours-of-image-editing/index11cf.html]
[ctwebdevelopment.com/web-services/2-hours-of-image-editing/index2101.html]
[ctwebdevelopment.com/category/image-editing/indexebcc.html]
[ctwebdevelopment.com/wp-json/wp/v2/product/7769.json]
[ctwebdevelopment.com/wp-json/oembed/1.0/embeddf56.json]
[ctwebdevelopment.com/wp-json/oembed/1.0/embed5458]
[ctwebdevelopment.com/wp-content/uploads/2017/11/website-update.png]
[ctwebdevelopment.com/web-services/3-hours-of-website-updates/index.html]
[ctwebdevelopment.com/web-services/3-hours-of-website-updates/index2101.html]
[ctwebdevelopment.com/wp-json/wp/v2/product_cat/87.json]
[ctwebdevelopment.com/category/brandidentity-development/index.html]
[ctwebdevelopment.com/web-services/index11cf.html]
[ctwebdevelopment.com/web-services/3-hours-of-website-updates/indexebcc.html]
[ctwebdevelopment.com/category/brandidentity-development/index11cf.html]
[ctwebdevelopment.com/category/brandidentity-development/feed/index.html]
[ctwebdevelopment.com/wp-json/wp/v2/product/7772.json]
[ctwebdevelopment.com/wp-json/oembed/1.0/embedefaf.json]
[ctwebdevelopment.com/wp-json/oembed/1.0/embedd4c0]
[ctwebdevelopment.com/web-services/domain-consolidation-asset-consulting/index.html]
[ctwebdevelopment.com/wp-content/uploads/2017/11/asset-consulting.png]
[ctwebdevelopment.com/wp-json/wp/v2/product_cat/96.json]
[ctwebdevelopment.com/category/dns/index.html]
[ctwebdevelopment.com/category/dns/feed/index.html]
[ctwebdevelopment.com/category/dns/index5796.html]
[ctwebdevelopment.com/wp-json/wp/v2/product_cat/95.json]
[ctwebdevelopment.com/category/domains/index.html]
[ctwebdevelopment.com/web-services/index5796.html]
[ctwebdevelopment.com/category/domains/index5796.html]
[ctwebdevelopment.com/category/domains/feed/index.html]
[ctwebdevelopment.com/wp-json/wp/v2/product/7770.json]
[ctwebdevelopment.com/wp-json/oembed/1.0/embed947c.json]
[ctwebdevelopment.com/wp-json/oembed/1.0/embed4017]
[ctwebdevelopment.com/wp-content/uploads/2017/11/analytics-conversion.png]
[ctwebdevelopment.com/web-services/google-analytics-event-conversion-tracking/index.html]
[ctwebdevelopment.com/wp-json/wp/v2/product_cat/93.json]
[ctwebdevelopment.com/category/conversions/index.html]
[ctwebdevelopment.com/category/conversions/feed/index.html]
[ctwebdevelopment.com/category/conversions/index8f61.html]
[ctwebdevelopment.com/wp-json/wp/v2/product_cat/92.json]
[ctwebdevelopment.com/category/google-analytics/index.html]
[ctwebdevelopment.com/web-services/index8f61.html]
[ctwebdevelopment.com/category/google-analytics/feed/index.html]
[ctwebdevelopment.com/category/google-analytics/index8f61.html]
[ctwebdevelopment.com/wp-json/wp/v2/product/7762.json]
[ctwebdevelopment.com/wp-json/oembed/1.0/embed9810.json]
[ctwebdevelopment.com/wp-json/oembed/1.0/embed8354]
[ctwebdevelopment.com/wp-content/uploads/2017/11/google-my-business.png]
[ctwebdevelopment.com/web-services/google-my-business-optimization/index.html]
[ctwebdevelopment.com/web-services/google-my-business-optimization/index9bca.html]
[ctwebdevelopment.com/wp-json/wp/v2/product_cat/90.json]
[ctwebdevelopment.com/category/google-local/index.html]
[ctwebdevelopment.com/web-services/index71c9.html]
[ctwebdevelopment.com/category/google-local/feed/index.html]
[ctwebdevelopment.com/web-services/google-my-business-optimization/index2101.html]
[ctwebdevelopment.com/web-services/google-my-business-optimization/index0bcb.html]
[ctwebdevelopment.com/category/google-local/index71c9.html]
[ctwebdevelopment.com/wp-json/wp/v2/product/7774.json]
[ctwebdevelopment.com/wp-json/oembed/1.0/embed056a.json]
[ctwebdevelopment.com/wp-json/oembed/1.0/embed70ee]
[ctwebdevelopment.com/web-services/seo-technical-audit/index.html]
[ctwebdevelopment.com/wp-content/uploads/2017/11/seo-technical.png]
[ctwebdevelopment.com/web-services/index9bca.html]
[ctwebdevelopment.com/tag/local-seo/index.html]
[ctwebdevelopment.com/wp-json/wp/v2/product/7763.json]
[ctwebdevelopment.com/web-services/seo-technical-audit/index2101.html]
[ctwebdevelopment.com/wp-json/oembed/1.0/embed1e19.json]
[ctwebdevelopment.com/web-services/seo-technical-audit/index0bcb.html]
[ctwebdevelopment.com/wp-json/oembed/1.0/embedfad4]
[ctwebdevelopment.com/web-services/seo-technical-audit/index71c9.html]
[ctwebdevelopment.com/wp-content/uploads/2017/11/website-speed.png]
[ctwebdevelopment.com/web-services/website-page-speed-improvements/index.html]
[ctwebdevelopment.com/web-services/index0bcb.html]
[ctwebdevelopment.com/web-services/website-page-speed-improvements/index2101.html]
[ctwebdevelopment.com/web-services/website-page-speed-improvements/index71c9.html]
[ctwebdevelopment.com/wp-json/wp/v2/product/7766.json]
[ctwebdevelopment.com/web-services/website-page-speed-improvements/index9bca.html]
[ctwebdevelopment.com/wp-json/oembed/1.0/embedc4e8.json]
[ctwebdevelopment.com/wp-json/oembed/1.0/embed5b37]
[ctwebdevelopment.com/wp-content/uploads/2017/11/site-security.png]
[ctwebdevelopment.com/web-services/wordpress-site-security/index.html]
[ctwebdevelopment.com/web-services/wordpress-site-security/index2101.html]
[ctwebdevelopment.com/wp-json/wp/v2/product_cat/91.json]
[ctwebdevelopment.com/category/security/index.html]
[ctwebdevelopment.com/web-services/index372e.html]
[ctwebdevelopment.com/index7581.html]
[ctwebdevelopment.com/index62ba.html]
[ctwebdevelopment.com/indexcee0.html]
[ctwebdevelopment.com/indexa876.html]
[ctwebdevelopment.com/wp-content/themes/elitemasters/fonts/fontawesome-webfonte0a5.svg]
[ctwebdevelopment.com/wp-admin/images/wordpress-logo7d6b.svg]
[ctwebdevelopment.com/index2a49.html]
[ctwebdevelopment.com/web-services/1-5-page-wordpress-website-build/index71c9.html]
[ctwebdevelopment.com/category/security/feed/index.html]
[ctwebdevelopment.com/web-services/1-5-page-wordpress-website-build/index372e.html]
[ctwebdevelopment.com/category/security/index372e.html]
[ctwebdevelopment.com/web-services/1-5-page-wordpress-website-build/index0bcb.html]
[ctwebdevelopment.com/web-services/1-5-page-wordpress-website-build/index11cf.html]
[ctwebdevelopment.com/category/copywritingcontent-creation/index2101.html]
[ctwebdevelopment.com/category/copywritingcontent-creation/index11cf.html]
[ctwebdevelopment.com/category/graphic-design/index2101.html]
[ctwebdevelopment.com/category/graphic-design/indexebcc.html]
[ctwebdevelopment.com/category/graphic-design/index11cf.html]
[ctwebdevelopment.com/category/seo/index2101.html]
[ctwebdevelopment.com/category/seo/index71c9.html]
[ctwebdevelopment.com/category/seo/index9bca.html]
[ctwebdevelopment.com/category/seo/index0bcb.html]
[ctwebdevelopment.com/category/web-design/index2101.html]
[ctwebdevelopment.com/category/web-design/index372e.html]
[ctwebdevelopment.com/category/web-development/index2101.html]
[ctwebdevelopment.com/category/web-development/index0bcb.html]
[ctwebdevelopment.com/cart/indexa8b8.html]
[ctwebdevelopment.com/web-services/1-5-page-wordpress-website-build/index9bca.html]
[ctwebdevelopment.com/web-services/1-5-page-wordpress-website-build/indexebcc.html]
[ctwebdevelopment.com/wp-content/plugins/woocommerce/assets/js/frontend/checkout.min523e.js]
[ctwebdevelopment.com/checkout/feed/index.html]
[ctwebdevelopment.com/wp-json/wp/v2/pages/4698.json]
[ctwebdevelopment.com/wp-json/oembed/1.0/embed033c.json]
[ctwebdevelopment.com/checkout/index.html]
[ctwebdevelopment.com/indexf7db.html]
[ctwebdevelopment.com/wp-json/oembed/1.0/embed7075]
[ctwebdevelopment.com/web-services/2-hours-of-image-editing/index11cf.html]
[ctwebdevelopment.com/web-services/2-hours-of-image-editing/index2101.html]
[ctwebdevelopment.com/category/image-editing/indexebcc.html]
[ctwebdevelopment.com/cart/indexa871.html]
[ctwebdevelopment.com/index7f59.html]
[ctwebdevelopment.com/web-services/3-hours-of-website-updates/index2101.html]
[ctwebdevelopment.com/my-account/lost-password/index.html]
[ctwebdevelopment.com/web-services/3-hours-of-website-updates/indexebcc.html]
[ctwebdevelopment.com/category/brandidentity-development/index11cf.html]
[ctwebdevelopment.com/cart/index4095.html]
[ctwebdevelopment.com/indexa961.html]
[ctwebdevelopment.com/category/dns/index5796.html]
[ctwebdevelopment.com/category/domains/index5796.html]
[ctwebdevelopment.com/cart/indexb310.html]
[ctwebdevelopment.com/indexb3c2.html]
[ctwebdevelopment.com/category/conversions/index8f61.html]
[ctwebdevelopment.com/category/google-analytics/index8f61.html]
[ctwebdevelopment.com/cart/indexa895.html]
[ctwebdevelopment.com/index1e7c.html]
[ctwebdevelopment.com/web-services/google-my-business-optimization/index9bca.html]
[ctwebdevelopment.com/web-services/google-my-business-optimization/index2101.html]
[ctwebdevelopment.com/web-services/google-my-business-optimization/index0bcb.html]
[ctwebdevelopment.com/category/google-local/index71c9.html]
[ctwebdevelopment.com/cart/index3881.html]
[ctwebdevelopment.com/index90be.html]
[ctwebdevelopment.com/tag/local-seo/index.html]
[ctwebdevelopment.com/web-services/seo-technical-audit/index2101.html]
[ctwebdevelopment.com/wp-json/wp/v2/product_tag/97.json]
[ctwebdevelopment.com/web-services/seo-technical-audit/index0bcb.html]
[ctwebdevelopment.com/tag/local-seo/feed/index.html]
[ctwebdevelopment.com/cart/indexc5c2.html]
[ctwebdevelopment.com/web-services/seo-technical-audit/index71c9.html]
[ctwebdevelopment.com/cart/index89b3.html]
[ctwebdevelopment.com/cart/index907b.html]
[ctwebdevelopment.com/cart/index993e.html]
[ctwebdevelopment.com/cart/index8d02.html]
[ctwebdevelopment.com/cart/indexbc79.html]
[ctwebdevelopment.com/cart/index7dd6.html]
[ctwebdevelopment.com/indexe7e9.html]
[ctwebdevelopment.com/cart/indexe91b.html]
[ctwebdevelopment.com/cart/index134a.html]
[ctwebdevelopment.com/web-services/website-page-speed-improvements/index2101.html]
[ctwebdevelopment.com/web-services/website-page-speed-improvements/index71c9.html]
[ctwebdevelopment.com/web-services/website-page-speed-improvements/index9bca.html]
[ctwebdevelopment.com/tag/local-seo/index9bca.html]
[ctwebdevelopment.com/cart/index5f41.html]
[ctwebdevelopment.com/cart/index99af.html]
[ctwebdevelopment.com/index1ee1.html]
[ctwebdevelopment.com/web-services/wordpress-site-security/index2101.html]
[ctwebdevelopment.com/category/security/index372e.html]
[ctwebdevelopment.com/cart/index282e.html]
[ctwebdevelopment.com/web-services/1-5-page-wordpress-website-build/index0bcb.html]
[ctwebdevelopment.com/web-services/1-5-page-wordpress-website-build/index9bca.html]
[ctwebdevelopment.com/web-services/1-5-page-wordpress-website-build/indexebcc.html]
[ctwebdevelopment.com/web-services/indexaafe.html]
[ctwebdevelopment.com/indexe285.html]
[ctwebdevelopment.com/cart/index83b7.html]
[ctwebdevelopment.com/wp-content/plugins/woocommerce/assets/js/frontend/account-i18n.min523e.js]
[ctwebdevelopment.com/my-account/index.html]
[ctwebdevelopment.com/my-account/feed/index.html]
[ctwebdevelopment.com/wp-content/plugins/woocommerce/assets/js/frontend/lost-password.min523e.js]
[ctwebdevelopment.com/wp-json/wp/v2/pages/4699.json]
[ctwebdevelopment.com/wp-json/oembed/1.0/embed1b13.json]
[ctwebdevelopment.com/wp-json/oembed/1.0/embedd681]
[ctwebdevelopment.com/my-account/lost-password/index.html]
[ctwebdevelopment.com/cart/index0061.html]
[ctwebdevelopment.com/cart/index3ef4.html]
[ctwebdevelopment.com/cart/index1ef3.html]
[ctwebdevelopment.com/cart/indexf64e.html]
[ctwebdevelopment.com/cart/indexc5c2.html]
[ctwebdevelopment.com/cart/index993e.html]
[ctwebdevelopment.com/cart/index89b3.html]
[ctwebdevelopment.com/cart/index907b.html]
[ctwebdevelopment.com/cart/indexbc79.html]
[ctwebdevelopment.com/cart/index7dd6.html]
[ctwebdevelopment.com/cart/index134a.html]
[ctwebdevelopment.com/cart/indexe91b.html]
[ctwebdevelopment.com/cart/index5f41.html]
[ctwebdevelopment.com/tag/local-seo/index9bca.html]
[ctwebdevelopment.com/cart/index21da.html]
[ctwebdevelopment.com/cart/index3391.html]
[ctwebdevelopment.com/cart/index89ee.html]
[ctwebdevelopment.com/cart/index85e8.html]
[ctwebdevelopment.com/my-account/index.html]
[ctwebdevelopment.com/indexab75.html]
